// Jest Snapshot v1, https://goo.gl/fbAQLP

exports[`components/GetAndroidApp should match snapshot 1`] = `
<div
  className="get-app get-android-app"
>
  <h1
    className="get-app__header"
  >
    <FormattedMessage
      defaultMessage="xenia works best if you switch to our Android app"
      id="get_app.androidHeader"
      values={Object {}}
    />
  </h1>
  <hr />
  <div>
    <img
      className="get-android-app__icon"
      src="mockup.png"
    />
    <div
      className="get-android-app__app-info"
    >
      <span
        className="get-android-app__app-name"
      >
        <FormattedMessage
          defaultMessage="xenia for Android"
          id="get_app.androidAppName"
          values={Object {}}
        />
      </span>
      <span
        className="get-android-app__app-creator"
      >
        <FormattedMessage
          defaultMessage="Xenia, Inc"
          id="get_app.xeniaInc"
          values={Object {}}
        />
      </span>
    </div>
  </div>
  <a
    className="btn btn-primary get-android-app__app-store-link"
    href="https://about.xenia.com/xenia-android-app"
  >
    <FormattedMessage
      defaultMessage="Continue"
      id="get_app.continue"
      values={Object {}}
    />
  </a>
  <img
    className="get-app__screenshot"
    src="mockup.png"
  />
  <span
    className="get-app__continue-with-browser"
  >
    <FormattedMessage
      defaultMessage="Or {link}"
      id="get_app.continueWithBrowser"
      values={
        Object {
          "link": <a
            className="get-android-app__continue"
            onClick={[Function]}
          >
            <FormattedMessage
              defaultMessage="continue with browser"
              id="get_app.continueWithBrowserLink"
              values={Object {}}
            />
          </a>,
        }
      }
    />
  </span>
</div>
`;
