// Jest Snapshot v1, https://goo.gl/fbAQLP

exports[`components/GetIosApp should match snapshot 1`] = `
<div
  className="get-app get-ios-app"
>
  <h1
    className="get-app__header"
  >
    <FormattedMessage
      defaultMessage="Xenia works best if you switch to our iPhone app"
      id="get_app.iosHeader"
      values={Object {}}
    />
  </h1>
  <hr />
  <a
    className="get-ios-app__app-store-link"
    href="https://about.xenia.com/xenia-ios-app"
    rel="noopener noreferrer"
  >
    <img
      alt="app store button"
      src="mockup.png"
    />
  </a>
  <img
    alt="get app screenshot"
    className="get-app__screenshot"
    src="mockup.png"
  />
  <h2
    className="get-ios-app__already-have-it"
  >
    <FormattedMessage
      defaultMessage="Already have it?"
      id="get_app.alreadyHaveIt"
      values={Object {}}
    />
  </h2>
  <a
    className="btn btn-primary get-ios-app__open-xenia"
    href="xenia://"
  >
    <FormattedMessage
      defaultMessage="Open Xenia"
      id="get_app.openXenia"
      values={Object {}}
    />
  </a>
  <span
    className="get-app__continue-with-browser"
  >
    <FormattedMessage
      defaultMessage="Or {link}"
      id="get_app.continueWithBrowser"
      values={
        Object {
          "link": <a
            className="get-ios-app__continue"
            onClick={[Function]}
          >
            <FormattedMessage
              defaultMessage="continue with browser"
              id="get_app.continueWithBrowserLink"
              values={Object {}}
            />
          </a>,
        }
      }
    />
  </span>
</div>
`;
